******************************************************************************
                  MSP430 Linker PC v21.6.1                     
******************************************************************************
>> Linked Tue Oct  1 15:31:44 2024

OUTPUT FILE NAME:   <MSP430G2231_LIBRARY.out>
ENTRY POINT SYMBOL: "_c_int00_noinit_noargs"  address: 0000f85c


MEMORY CONFIGURATION

         name            origin    length      used     unused   attr    fill
----------------------  --------  ---------  --------  --------  ----  --------
  SFR                   00000000   00000010  00000000  00000010  RWIX
  PERIPHERALS_8BIT      00000010   000000f0  00000000  000000f0  RWIX
  PERIPHERALS_16BIT     00000100   00000100  00000000  00000100  RWIX
  RAM                   00000200   00000080  00000034  0000004c  RWIX
  INFOD                 00001000   00000040  00000000  00000040  RWIX
  INFOC                 00001040   00000040  00000000  00000040  RWIX
  INFOB                 00001080   00000040  00000000  00000040  RWIX
  INFOA                 000010c0   00000040  00000000  00000040  RWIX
  FLASH                 0000f800   000007e0  000000a2  0000073e  RWIX
  INT00                 0000ffe0   00000002  00000000  00000002  RWIX
  INT01                 0000ffe2   00000002  00000000  00000002  RWIX
  INT02                 0000ffe4   00000002  00000002  00000000  RWIX
  INT03                 0000ffe6   00000002  00000002  00000000  RWIX
  INT04                 0000ffe8   00000002  00000002  00000000  RWIX
  INT05                 0000ffea   00000002  00000002  00000000  RWIX
  INT06                 0000ffec   00000002  00000000  00000002  RWIX
  INT07                 0000ffee   00000002  00000000  00000002  RWIX
  INT08                 0000fff0   00000002  00000002  00000000  RWIX
  INT09                 0000fff2   00000002  00000002  00000000  RWIX
  INT10                 0000fff4   00000002  00000002  00000000  RWIX
  INT11                 0000fff6   00000002  00000000  00000002  RWIX
  INT12                 0000fff8   00000002  00000000  00000002  RWIX
  INT13                 0000fffa   00000002  00000000  00000002  RWIX
  INT14                 0000fffc   00000002  00000002  00000000  RWIX
  RESET                 0000fffe   00000002  00000002  00000000  RWIX


SECTION ALLOCATION MAP

 output                                  attributes/
section   page    origin      length       input sections
--------  ----  ----------  ----------   ----------------
.stack     0    0000024c    00000034     UNINITIALIZED
                  0000024c    00000002     rts430_eabi.lib : boot.c.obj (.stack)
                  0000024e    00000032     --HOLE--

.text      0    0000f800    000000a2     
                  0000f800    0000005c     main.obj (.text:DCO_INITIALIZE)
                  0000f85c    00000014     rts430_eabi.lib : boot.c.obj (.text:_c_int00_noinit_noargs)
                  0000f870    0000000e     main.obj (.text:main)
                  0000f87e    0000000c     main.obj (.text:Timer_A1)
                  0000f88a    00000008     rts430_eabi.lib : isr_trap.asm.obj (.text:_isr:__TI_ISR_TRAP)
                  0000f892    00000006     main.obj (.text:Timer_A0)
                  0000f898    00000006     rts430_eabi.lib : exit.c.obj (.text:abort)
                  0000f89e    00000004                     : pre_init.c.obj (.text:_system_pre_init)

.cinit     0    0000f800    00000000     

.binit     0    0000f800    00000000     

.init_array 
*          0    0000f800    00000000     UNINITIALIZED

PORT1      0    0000ffe4    00000002     
                  0000ffe4    00000002     rts430_eabi.lib : int02.asm.obj (.int02)

PORT2      0    0000ffe6    00000002     
                  0000ffe6    00000002     rts430_eabi.lib : int03.asm.obj (.int03)

USI        0    0000ffe8    00000002     
                  0000ffe8    00000002     rts430_eabi.lib : int04.asm.obj (.int04)

ADC10      0    0000ffea    00000002     
                  0000ffea    00000002     rts430_eabi.lib : int05.asm.obj (.int05)

TIMERA1    0    0000fff0    00000002     
                  0000fff0    00000002     main.obj (.int08)

TIMERA0    0    0000fff2    00000002     
                  0000fff2    00000002     main.obj (.int09)

WDT        0    0000fff4    00000002     
                  0000fff4    00000002     rts430_eabi.lib : int10.asm.obj (.int10)

NMI        0    0000fffc    00000002     
                  0000fffc    00000002     rts430_eabi.lib : int14.asm.obj (.int14)

.reset     0    0000fffe    00000002     
                  0000fffe    00000002     rts430_eabi.lib : boot.c.obj (.reset)

MODULE SUMMARY

       Module             code   ro data   rw data
       ------             ----   -------   -------
    .\
       main.obj           124    4         0      
    +--+------------------+------+---------+---------+
       Total:             124    4         0      
                                                  
    C:\ti\ccs1271\ccs\tools\compiler\ti-cgt-msp430_21.6.1.LTS\lib\rts430_eabi.lib
       boot.c.obj         20     2         0      
       isr_trap.asm.obj   8      0         0      
       exit.c.obj         6      0         0      
       pre_init.c.obj     4      0         0      
       int02.asm.obj      0      2         0      
       int03.asm.obj      0      2         0      
       int04.asm.obj      0      2         0      
       int05.asm.obj      0      2         0      
       int10.asm.obj      0      2         0      
       int14.asm.obj      0      2         0      
    +--+------------------+------+---------+---------+
       Total:             38     14        0      
                                                  
       Stack:             0      0         52     
    +--+------------------+------+---------+---------+
       Grand Total:       162    18        52     


GLOBAL SYMBOLS: SORTED ALPHABETICALLY BY Name 

address   name                  
-------   ----                  
0000004a  ADC10AE0              
000001b0  ADC10CTL0             
000001b2  ADC10CTL1             
00000048  ADC10DTC0             
00000049  ADC10DTC1             
000001b4  ADC10MEM              
000001bc  ADC10SA               
00000057  BCSCTL1               
00000058  BCSCTL2               
00000053  BCSCTL3               
0000f898  C$$EXIT               
000010ff  CALBC1_1MHZ           
000010fe  CALDCO_1MHZ           
00000056  DCOCTL                
0000f800  DCO_INITIALIZE        
00000128  FCTL1                 
0000012a  FCTL2                 
0000012c  FCTL3                 
00000000  IE1                   
00000002  IFG1                  
00000022  P1DIR                 
00000025  P1IE                  
00000024  P1IES                 
00000023  P1IFG                 
00000020  P1IN                  
00000021  P1OUT                 
00000027  P1REN                 
00000026  P1SEL                 
0000002a  P2DIR                 
0000002d  P2IE                  
0000002c  P2IES                 
0000002b  P2IFG                 
00000028  P2IN                  
00000029  P2OUT                 
0000002f  P2REN                 
0000002e  P2SEL                 
00000172  TACCR0                
00000174  TACCR1                
00000162  TACCTL0               
00000164  TACCTL1               
00000160  TACTL                 
0000012e  TAIV                  
00000170  TAR                   
0000f892  Timer_A0              
0000f87e  Timer_A1              
0000007a  USICCTL               
0000007a  USICKCTL              
0000007b  USICNT                
00000078  USICTL                
00000078  USICTL0               
00000079  USICTL1               
0000007c  USISR                 
0000007d  USISRH                
0000007c  USISRL                
00000120  WDTCTL                
00000280  __STACK_END           
00000034  __STACK_SIZE          
0000f800  __TI_CINIT_Base       
0000f800  __TI_CINIT_Limit      
0000f800  __TI_CINIT_Warm       
0000f88a  __TI_ISR_TRAP         
0000ffe4  __TI_int02            
0000ffe6  __TI_int03            
0000ffe8  __TI_int04            
0000ffea  __TI_int05            
0000fff0  __TI_int08            
0000fff2  __TI_int09            
0000fff4  __TI_int10            
0000fffc  __TI_int14            
ffffffff  __TI_pprof_out_hndl   
ffffffff  __TI_prof_data_size   
ffffffff  __TI_prof_data_start  
ffffffff  __c_args__            
0000f85c  _c_int00_noinit_noargs
0000fffe  _reset_vector         
0000024c  _stack                
0000f89e  _system_pre_init      
0000f898  abort                 
0000f870  main                  


GLOBAL SYMBOLS: SORTED BY Symbol Address 

address   name                  
-------   ----                  
00000000  IE1                   
00000002  IFG1                  
00000020  P1IN                  
00000021  P1OUT                 
00000022  P1DIR                 
00000023  P1IFG                 
00000024  P1IES                 
00000025  P1IE                  
00000026  P1SEL                 
00000027  P1REN                 
00000028  P2IN                  
00000029  P2OUT                 
0000002a  P2DIR                 
0000002b  P2IFG                 
0000002c  P2IES                 
0000002d  P2IE                  
0000002e  P2SEL                 
0000002f  P2REN                 
00000034  __STACK_SIZE          
00000048  ADC10DTC0             
00000049  ADC10DTC1             
0000004a  ADC10AE0              
00000053  BCSCTL3               
00000056  DCOCTL                
00000057  BCSCTL1               
00000058  BCSCTL2               
00000078  USICTL                
00000078  USICTL0               
00000079  USICTL1               
0000007a  USICCTL               
0000007a  USICKCTL              
0000007b  USICNT                
0000007c  USISR                 
0000007c  USISRL                
0000007d  USISRH                
00000120  WDTCTL                
00000128  FCTL1                 
0000012a  FCTL2                 
0000012c  FCTL3                 
0000012e  TAIV                  
00000160  TACTL                 
00000162  TACCTL0               
00000164  TACCTL1               
00000170  TAR                   
00000172  TACCR0                
00000174  TACCR1                
000001b0  ADC10CTL0             
000001b2  ADC10CTL1             
000001b4  ADC10MEM              
000001bc  ADC10SA               
0000024c  _stack                
00000280  __STACK_END           
000010fe  CALDCO_1MHZ           
000010ff  CALBC1_1MHZ           
0000f800  DCO_INITIALIZE        
0000f800  __TI_CINIT_Base       
0000f800  __TI_CINIT_Limit      
0000f800  __TI_CINIT_Warm       
0000f85c  _c_int00_noinit_noargs
0000f870  main                  
0000f87e  Timer_A1              
0000f88a  __TI_ISR_TRAP         
0000f892  Timer_A0              
0000f898  C$$EXIT               
0000f898  abort                 
0000f89e  _system_pre_init      
0000ffe4  __TI_int02            
0000ffe6  __TI_int03            
0000ffe8  __TI_int04            
0000ffea  __TI_int05            
0000fff0  __TI_int08            
0000fff2  __TI_int09            
0000fff4  __TI_int10            
0000fffc  __TI_int14            
0000fffe  _reset_vector         
ffffffff  __TI_pprof_out_hndl   
ffffffff  __TI_prof_data_size   
ffffffff  __TI_prof_data_start  
ffffffff  __c_args__            

[79 symbols]
